[    3649ms] [LOG] Debugging Google Consent Mode:
 @ https://cdn-cookieyes.com/client_data/635739f4a77cf9f5812e1732/banner.js:0
[    3649ms] [LOG] 
	ad_storage:
		Default: granted
		Update: denied


	analytics_storage:
		Default: granted
		Update: denied


	ad_user_data:
		Default: denied
		Update: denied


	ad_personalization:
		Default: denied
		Update: denied


	functionality_storage:
		Default: granted
		Update: denied


	personalization_storage:
		Default: granted
		Update: denied


	security_storage:
		Default: granted
		Update: granted


	Consent mode states were set correctly. @ https://cdn-cookieyes.com/client_data/635739f4a77cf9f5812e1732/banner.js:0
